<html>
<body>
<pre>
<h1>µVision Build Log</h1>
<h2>Project:</h2>
C:\Keil\ARM\Boards\Keil\MCB2300\Blinky\Blinky.uvproj
Project File Date:  02/24/2011

<h2>Output:</h2>
Build target 'LPC2378 Flash'
compiling Blinky.c...
linking...
Program Size: Code=3324 RO-data=96 RW-data=12 ZI-data=1292  
".\Flash\Blinky.axf" - 0 Error(s), 0 Warning(s).
Load "C:\\Keil\\ARM\\Boards\\Keil\\MCB2300\\Blinky\\Flash\\Blinky.AXF" 
Erase Done.
Programming Done.
Verify OK.
Build target 'LPC2378 Flash'
compiling Blinky.c...
linking...
Program Size: Code=3324 RO-data=96 RW-data=12 ZI-data=1292  
".\Flash\Blinky.axf" - 0 Error(s), 0 Warning(s).
Load "C:\\Keil\\ARM\\Boards\\Keil\\MCB2300\\Blinky\\Flash\\Blinky.AXF" 
Erase Done.
Programming Done.
Verify OK.
