<html>
<body>
<pre>
<h1>µVision Build Log</h1>
<h2>Project:</h2>
C:\Users\drew\Dropbox\We-are-Wireless-Audio\WaWA\WaWA.uvproj
Project File Date:  04/22/2011

<h2>Output:</h2>
Clean started: Project: 'WaWA'
   deleting intermediate output files for target 'Simulator'
   deleting intermediate output files for target 'LPC2378 Flash'
Build target 'LPC2378 Flash'
assembling LPC2300.s...
compiling Retarget.c...
compiling Serial.c...
compiling WaWA.c...
compiling LCD_4bit.c...
compiling IRQ.c...
IRQ.c(29): warning:  #177-D: variable "clk_cntr" was declared but never referenced
IRQ.c:       static int clk_cntr=0;
IRQ.c:                  ^
IRQ.c(30): warning:  #177-D: variable "yesno" was declared but never referenced
IRQ.c:          static int yesno=0;
IRQ.c:                     ^
IRQ.c: IRQ.c: 2 warnings, 0 errors
linking...
Program Size: Code=4832 RO-data=32 RW-data=52 ZI-data=1292  
".\Flash\WaWA.axf" - 0 Error(s), 2 Warning(s).
Clean started: Project: 'WaWA'
   deleting intermediate output files for target 'Simulator'
   deleting intermediate output files for target 'LPC2378 Flash'
Build target 'LPC2378 Flash'
assembling LPC2300.s...
compiling Retarget.c...
compiling Serial.c...
compiling WaWA.c...
compiling LCD_4bit.c...
compiling IRQ.c...
linking...
Program Size: Code=4832 RO-data=32 RW-data=44 ZI-data=1292  
".\Flash\WaWA.axf" - 0 Error(s), 0 Warning(s).
Build target 'LPC2378 Flash'
assembling LPC2300.s...
compiling Retarget.c...
compiling Serial.c...
compiling WaWA.c...
compiling LCD_4bit.c...
compiling IRQ.c...
linking...
Program Size: Code=4832 RO-data=32 RW-data=44 ZI-data=1292  
".\Flash\WaWA.axf" - 0 Error(s), 0 Warning(s).
Clean started: Project: 'WaWA'
   deleting intermediate output files for target 'Simulator'
   deleting intermediate output files for target 'LPC2378 Flash'
Build target 'LPC2378 Flash'
assembling LPC2300.s...
compiling Retarget.c...
compiling Serial.c...
compiling WaWA.c...
compiling LCD_4bit.c...
compiling IRQ.c...
linking...
Program Size: Code=4832 RO-data=32 RW-data=44 ZI-data=1292  
".\Flash\WaWA.axf" - 0 Error(s), 0 Warning(s).
