ARM Linker, RVCT4.0 [Build 728] [Evaluation]

==============================================================================

Section Cross References

    lpc2300.o(RESET) refers to lpc2300.o(STACK) for Stack_Top
    lpc2300.o(RESET) refers to entry.o(.ARM.Collect$$$$00000000) for __main
    retarget.o(.text) refers to serial.o(.text) for sendchar3
    wawa.o(.text) refers to serial.o(.text) for sendchar3
    wawa.o(.text) refers to printf6.o(i.__0printf$6) for __2printf
    wawa.o(.text) refers to irq.o(.data) for clock_1s
    wawa.o(.text) refers to wawa.o(.data) for in
    wawa.o(.text) refers to irq.o(.text) for T0_IRQHandler
    lcd_4bit.o(.text) refers to lcd_4bit.o(.constdata) for UserFont
    irq.o(.text) refers to idiv.o(.text) for __aeabi_idivmod
    irq.o(.text) refers to irq.o(.data) for I2SRX
    entry.o(.ARM.Collect$$$$00000000) refers (Special) to entry7.o(.ARM.Collect$$$$00000007) for _main_init
    entry.o(.ARM.Collect$$$$00000000) refers (Special) to entry5.o(.ARM.Collect$$$$00000004) for _main_scatterload
    entry.o(.ARM.Collect$$$$00000000) refers (Special) to entry2.o(.ARM.Collect$$$$00000001) for _main_stk
    idiv.o(.text) refers to uidiv.o(.text) for __aeabi_uidivmod
    printfb.o(i.__0fprintf$bare) refers to printfb.o(i._printf_core) for _printf_core
    printfb.o(i.__0fprintf$bare) refers to retarget.o(.text) for fputc
    printfb.o(i.__0printf$bare) refers to printfb.o(i._printf_core) for _printf_core
    printfb.o(i.__0printf$bare) refers to retarget.o(.text) for fputc
    printfb.o(i.__0printf$bare) refers to retarget.o(.data) for __stdout
    printfb.o(i.__0snprintf$bare) refers to printfb.o(i._printf_core) for _printf_core
    printfb.o(i.__0snprintf$bare) refers to printfb.o(i._snputc) for _snputc
    printfb.o(i.__0sprintf$bare) refers to printfb.o(i._printf_core) for _printf_core
    printfb.o(i.__0sprintf$bare) refers to printfb.o(i._sputc) for _sputc
    printfb.o(i.__0vfprintf$bare) refers to printfb.o(i._printf_core) for _printf_core
    printfb.o(i.__0vfprintf$bare) refers to retarget.o(.text) for fputc
    printfb.o(i.__0vprintf$bare) refers to printfb.o(i._printf_core) for _printf_core
    printfb.o(i.__0vprintf$bare) refers to retarget.o(.text) for fputc
    printfb.o(i.__0vprintf$bare) refers to retarget.o(.data) for __stdout
    printfb.o(i.__0vsnprintf$bare) refers to printfb.o(i._printf_core) for _printf_core
    printfb.o(i.__0vsnprintf$bare) refers to printfb.o(i._snputc) for _snputc
    printfb.o(i.__0vsprintf$bare) refers to printfb.o(i._printf_core) for _printf_core
    printfb.o(i.__0vsprintf$bare) refers to printfb.o(i._sputc) for _sputc
    printfb.o(i._printf_core) refers to printfb.o(i.__ARM_common_call_via_r6) for __ARM_common_call_via_r6
    printf0.o(i.__0fprintf$0) refers to printf0.o(i._printf_core) for _printf_core
    printf0.o(i.__0fprintf$0) refers to retarget.o(.text) for fputc
    printf0.o(i.__0printf$0) refers to printf0.o(i._printf_core) for _printf_core
    printf0.o(i.__0printf$0) refers to retarget.o(.text) for fputc
    printf0.o(i.__0printf$0) refers to retarget.o(.data) for __stdout
    printf0.o(i.__0snprintf$0) refers to printf0.o(i._printf_core) for _printf_core
    printf0.o(i.__0snprintf$0) refers to printf0.o(i._snputc) for _snputc
    printf0.o(i.__0sprintf$0) refers to printf0.o(i._printf_core) for _printf_core
    printf0.o(i.__0sprintf$0) refers to printf0.o(i._sputc) for _sputc
    printf0.o(i.__0vfprintf$0) refers to printf0.o(i._printf_core) for _printf_core
    printf0.o(i.__0vfprintf$0) refers to retarget.o(.text) for fputc
    printf0.o(i.__0vprintf$0) refers to printf0.o(i._printf_core) for _printf_core
    printf0.o(i.__0vprintf$0) refers to retarget.o(.text) for fputc
    printf0.o(i.__0vprintf$0) refers to retarget.o(.data) for __stdout
    printf0.o(i.__0vsnprintf$0) refers to printf0.o(i._printf_core) for _printf_core
    printf0.o(i.__0vsnprintf$0) refers to printf0.o(i._snputc) for _snputc
    printf0.o(i.__0vsprintf$0) refers to printf0.o(i._printf_core) for _printf_core
    printf0.o(i.__0vsprintf$0) refers to printf0.o(i._sputc) for _sputc
    printf0.o(i._printf_core) refers to printfb.o(i.__ARM_common_call_via_r6) for __ARM_common_call_via_r6
    printf1.o(i.__0fprintf$1) refers to printf1.o(i._printf_core) for _printf_core
    printf1.o(i.__0fprintf$1) refers to retarget.o(.text) for fputc
    printf1.o(i.__0printf$1) refers to printf1.o(i._printf_core) for _printf_core
    printf1.o(i.__0printf$1) refers to retarget.o(.data) for __stdout
    printf1.o(i.__0printf$1) refers to retarget.o(.text) for fputc
    printf1.o(i.__0snprintf$1) refers to printf1.o(i._printf_core) for _printf_core
    printf1.o(i.__0snprintf$1) refers to printf1.o(i._snputc) for _snputc
    printf1.o(i.__0sprintf$1) refers to printf1.o(i._printf_core) for _printf_core
    printf1.o(i.__0sprintf$1) refers to printf1.o(i._sputc) for _sputc
    printf1.o(i.__0vfprintf$1) refers to printf1.o(i._printf_core) for _printf_core
    printf1.o(i.__0vfprintf$1) refers to retarget.o(.text) for fputc
    printf1.o(i.__0vprintf$1) refers to printf1.o(i._printf_core) for _printf_core
    printf1.o(i.__0vprintf$1) refers to retarget.o(.data) for __stdout
    printf1.o(i.__0vprintf$1) refers to retarget.o(.text) for fputc
    printf1.o(i.__0vsnprintf$1) refers to printf1.o(i._printf_core) for _printf_core
    printf1.o(i.__0vsnprintf$1) refers to printf1.o(i._snputc) for _snputc
    printf1.o(i.__0vsprintf$1) refers to printf1.o(i._printf_core) for _printf_core
    printf1.o(i.__0vsprintf$1) refers to printf1.o(i._sputc) for _sputc
    printf1.o(i._printf_core) refers to uidiv.o(.text) for __aeabi_uidivmod
    printf1.o(i._printf_core) refers to printf1.o(i.__ARM_common_call_via_r2) for __ARM_common_call_via_r2
    printf2.o(i.__0fprintf$2) refers to printf2.o(i._printf_core) for _printf_core
    printf2.o(i.__0fprintf$2) refers to retarget.o(.text) for fputc
    printf2.o(i.__0printf$2) refers to printf2.o(i._printf_core) for _printf_core
    printf2.o(i.__0printf$2) refers to retarget.o(.data) for __stdout
    printf2.o(i.__0printf$2) refers to retarget.o(.text) for fputc
    printf2.o(i.__0snprintf$2) refers to printf2.o(i._printf_core) for _printf_core
    printf2.o(i.__0snprintf$2) refers to printf2.o(i._snputc) for _snputc
    printf2.o(i.__0sprintf$2) refers to printf2.o(i._printf_core) for _printf_core
    printf2.o(i.__0sprintf$2) refers to printf2.o(i._sputc) for _sputc
    printf2.o(i.__0vfprintf$2) refers to printf2.o(i._printf_core) for _printf_core
    printf2.o(i.__0vfprintf$2) refers to retarget.o(.text) for fputc
    printf2.o(i.__0vprintf$2) refers to printf2.o(i._printf_core) for _printf_core
    printf2.o(i.__0vprintf$2) refers to retarget.o(.data) for __stdout
    printf2.o(i.__0vprintf$2) refers to retarget.o(.text) for fputc
    printf2.o(i.__0vsnprintf$2) refers to printf2.o(i._printf_core) for _printf_core
    printf2.o(i.__0vsnprintf$2) refers to printf2.o(i._snputc) for _snputc
    printf2.o(i.__0vsprintf$2) refers to printf2.o(i._printf_core) for _printf_core
    printf2.o(i.__0vsprintf$2) refers to printf2.o(i._sputc) for _sputc
    printf2.o(i._printf_core) refers to printf1.o(i.__ARM_common_call_via_r2) for __ARM_common_call_via_r2
    printf3.o(i.__0fprintf$3) refers to printf3.o(i._printf_core) for _printf_core
    printf3.o(i.__0fprintf$3) refers to retarget.o(.text) for fputc
    printf3.o(i.__0printf$3) refers to printf3.o(i._printf_core) for _printf_core
    printf3.o(i.__0printf$3) refers to retarget.o(.data) for __stdout
    printf3.o(i.__0printf$3) refers to retarget.o(.text) for fputc
    printf3.o(i.__0snprintf$3) refers to printf3.o(i._printf_core) for _printf_core
    printf3.o(i.__0snprintf$3) refers to printf3.o(i._snputc) for _snputc
    printf3.o(i.__0sprintf$3) refers to printf3.o(i._printf_core) for _printf_core
    printf3.o(i.__0sprintf$3) refers to printf3.o(i._sputc) for _sputc
    printf3.o(i.__0vfprintf$3) refers to printf3.o(i._printf_core) for _printf_core
    printf3.o(i.__0vfprintf$3) refers to retarget.o(.text) for fputc
    printf3.o(i.__0vprintf$3) refers to printf3.o(i._printf_core) for _printf_core
    printf3.o(i.__0vprintf$3) refers to retarget.o(.data) for __stdout
    printf3.o(i.__0vprintf$3) refers to retarget.o(.text) for fputc
    printf3.o(i.__0vsnprintf$3) refers to printf3.o(i._printf_core) for _printf_core
    printf3.o(i.__0vsnprintf$3) refers to printf3.o(i._snputc) for _snputc
    printf3.o(i.__0vsprintf$3) refers to printf3.o(i._printf_core) for _printf_core
    printf3.o(i.__0vsprintf$3) refers to printf3.o(i._sputc) for _sputc
    printf3.o(i._printf_core) refers to printf1.o(i.__ARM_common_call_via_r2) for __ARM_common_call_via_r2
    printf3.o(i._printf_core) refers to uidiv.o(.text) for __aeabi_uidivmod
    printf4.o(i.__0fprintf$4) refers to printf4.o(i._printf_core) for _printf_core
    printf4.o(i.__0fprintf$4) refers to retarget.o(.text) for fputc
    printf4.o(i.__0printf$4) refers to printf4.o(i._printf_core) for _printf_core
    printf4.o(i.__0printf$4) refers to retarget.o(.data) for __stdout
    printf4.o(i.__0printf$4) refers to retarget.o(.text) for fputc
    printf4.o(i.__0snprintf$4) refers to printf4.o(i._printf_core) for _printf_core
    printf4.o(i.__0snprintf$4) refers to printf4.o(i._snputc) for _snputc
    printf4.o(i.__0sprintf$4) refers to printf4.o(i._printf_core) for _printf_core
    printf4.o(i.__0sprintf$4) refers to printf4.o(i._sputc) for _sputc
    printf4.o(i.__0vfprintf$4) refers to printf4.o(i._printf_core) for _printf_core
    printf4.o(i.__0vfprintf$4) refers to retarget.o(.text) for fputc
    printf4.o(i.__0vprintf$4) refers to printf4.o(i._printf_core) for _printf_core
    printf4.o(i.__0vprintf$4) refers to retarget.o(.data) for __stdout
    printf4.o(i.__0vprintf$4) refers to retarget.o(.text) for fputc
    printf4.o(i.__0vsnprintf$4) refers to printf4.o(i._printf_core) for _printf_core
    printf4.o(i.__0vsnprintf$4) refers to printf4.o(i._snputc) for _snputc
    printf4.o(i.__0vsprintf$4) refers to printf4.o(i._printf_core) for _printf_core
    printf4.o(i.__0vsprintf$4) refers to printf4.o(i._sputc) for _sputc
    printf4.o(i._printf_core) refers to printf1.o(i.__ARM_common_call_via_r2) for __ARM_common_call_via_r2
    printf4.o(i._printf_core) refers to uldiv.o(.text) for __aeabi_uldivmod
    printf5.o(i.__0fprintf$5) refers to printf5.o(i._printf_core) for _printf_core
    printf5.o(i.__0fprintf$5) refers to retarget.o(.text) for fputc
    printf5.o(i.__0printf$5) refers to printf5.o(i._printf_core) for _printf_core
    printf5.o(i.__0printf$5) refers to retarget.o(.data) for __stdout
    printf5.o(i.__0printf$5) refers to retarget.o(.text) for fputc
    printf5.o(i.__0snprintf$5) refers to printf5.o(i._printf_core) for _printf_core
    printf5.o(i.__0snprintf$5) refers to printf5.o(i._snputc) for _snputc
    printf5.o(i.__0sprintf$5) refers to printf5.o(i._printf_core) for _printf_core
    printf5.o(i.__0sprintf$5) refers to printf5.o(i._sputc) for _sputc
    printf5.o(i.__0vfprintf$5) refers to printf5.o(i._printf_core) for _printf_core
    printf5.o(i.__0vfprintf$5) refers to retarget.o(.text) for fputc
    printf5.o(i.__0vprintf$5) refers to printf5.o(i._printf_core) for _printf_core
    printf5.o(i.__0vprintf$5) refers to retarget.o(.data) for __stdout
    printf5.o(i.__0vprintf$5) refers to retarget.o(.text) for fputc
    printf5.o(i.__0vsnprintf$5) refers to printf5.o(i._printf_core) for _printf_core
    printf5.o(i.__0vsnprintf$5) refers to printf5.o(i._snputc) for _snputc
    printf5.o(i.__0vsprintf$5) refers to printf5.o(i._printf_core) for _printf_core
    printf5.o(i.__0vsprintf$5) refers to printf5.o(i._sputc) for _sputc
    printf5.o(i._printf_core) refers to printf1.o(i.__ARM_common_call_via_r2) for __ARM_common_call_via_r2
    printf5.o(i._printf_core) refers to uldiv.o(.text) for __aeabi_uldivmod
    printf6.o(i.__0fprintf$6) refers to printf6.o(i._printf_core) for _printf_core
    printf6.o(i.__0fprintf$6) refers to retarget.o(.text) for fputc
    printf6.o(i.__0printf$6) refers to printf6.o(i._printf_core) for _printf_core
    printf6.o(i.__0printf$6) refers to retarget.o(.data) for __stdout
    printf6.o(i.__0printf$6) refers to retarget.o(.text) for fputc
    printf6.o(i.__0snprintf$6) refers to printf6.o(i._printf_core) for _printf_core
    printf6.o(i.__0snprintf$6) refers to printf6.o(i._snputc) for _snputc
    printf6.o(i.__0sprintf$6) refers to printf6.o(i._printf_core) for _printf_core
    printf6.o(i.__0sprintf$6) refers to printf6.o(i._sputc) for _sputc
    printf6.o(i.__0vfprintf$6) refers to printf6.o(i._printf_core) for _printf_core
    printf6.o(i.__0vfprintf$6) refers to retarget.o(.text) for fputc
    printf6.o(i.__0vprintf$6) refers to printf6.o(i._printf_core) for _printf_core
    printf6.o(i.__0vprintf$6) refers to retarget.o(.data) for __stdout
    printf6.o(i.__0vprintf$6) refers to retarget.o(.text) for fputc
    printf6.o(i.__0vsnprintf$6) refers to printf6.o(i._printf_core) for _printf_core
    printf6.o(i.__0vsnprintf$6) refers to printf6.o(i._snputc) for _snputc
    printf6.o(i.__0vsprintf$6) refers to printf6.o(i._printf_core) for _printf_core
    printf6.o(i.__0vsprintf$6) refers to printf6.o(i._sputc) for _sputc
    printf6.o(i._printf_core) refers to printf6.o(i._printf_pre_padding) for _printf_pre_padding
    printf6.o(i._printf_core) refers to printf1.o(i.__ARM_common_call_via_r2) for __ARM_common_call_via_r2
    printf6.o(i._printf_core) refers to printf6.o(i._printf_post_padding) for _printf_post_padding
    printf6.o(i._printf_core) refers to uidiv.o(.text) for __aeabi_uidivmod
    printf6.o(i._printf_post_padding) refers to printfb.o(i.__ARM_common_call_via_r6) for __ARM_common_call_via_r6
    printf6.o(i._printf_pre_padding) refers to printfb.o(i.__ARM_common_call_via_r6) for __ARM_common_call_via_r6
    printf7.o(i.__0fprintf$7) refers to printf7.o(i._printf_core) for _printf_core
    printf7.o(i.__0fprintf$7) refers to retarget.o(.text) for fputc
    printf7.o(i.__0printf$7) refers to printf7.o(i._printf_core) for _printf_core
    printf7.o(i.__0printf$7) refers to retarget.o(.data) for __stdout
    printf7.o(i.__0printf$7) refers to retarget.o(.text) for fputc
    printf7.o(i.__0snprintf$7) refers to printf7.o(i._printf_core) for _printf_core
    printf7.o(i.__0snprintf$7) refers to printf7.o(i._snputc) for _snputc
    printf7.o(i.__0sprintf$7) refers to printf7.o(i._printf_core) for _printf_core
    printf7.o(i.__0sprintf$7) refers to printf7.o(i._sputc) for _sputc
    printf7.o(i.__0vfprintf$7) refers to printf7.o(i._printf_core) for _printf_core
    printf7.o(i.__0vfprintf$7) refers to retarget.o(.text) for fputc
    printf7.o(i.__0vprintf$7) refers to printf7.o(i._printf_core) for _printf_core
    printf7.o(i.__0vprintf$7) refers to retarget.o(.data) for __stdout
    printf7.o(i.__0vprintf$7) refers to retarget.o(.text) for fputc
    printf7.o(i.__0vsnprintf$7) refers to printf7.o(i._printf_core) for _printf_core
    printf7.o(i.__0vsnprintf$7) refers to printf7.o(i._snputc) for _snputc
    printf7.o(i.__0vsprintf$7) refers to printf7.o(i._printf_core) for _printf_core
    printf7.o(i.__0vsprintf$7) refers to printf7.o(i._sputc) for _sputc
    printf7.o(i._printf_core) refers to printf7.o(i._printf_pre_padding) for _printf_pre_padding
    printf7.o(i._printf_core) refers to printf1.o(i.__ARM_common_call_via_r2) for __ARM_common_call_via_r2
    printf7.o(i._printf_core) refers to printf7.o(i._printf_post_padding) for _printf_post_padding
    printf7.o(i._printf_core) refers to uldiv.o(.text) for __aeabi_uldivmod
    printf7.o(i._printf_post_padding) refers to printfb.o(i.__ARM_common_call_via_r6) for __ARM_common_call_via_r6
    printf7.o(i._printf_pre_padding) refers to printfb.o(i.__ARM_common_call_via_r6) for __ARM_common_call_via_r6
    printf8.o(i.__0fprintf$8) refers to printf8.o(i._printf_core) for _printf_core
    printf8.o(i.__0fprintf$8) refers to retarget.o(.text) for fputc
    printf8.o(i.__0printf$8) refers to printf8.o(i._printf_core) for _printf_core
    printf8.o(i.__0printf$8) refers to retarget.o(.data) for __stdout
    printf8.o(i.__0printf$8) refers to retarget.o(.text) for fputc
    printf8.o(i.__0snprintf$8) refers to printf8.o(i._printf_core) for _printf_core
    printf8.o(i.__0snprintf$8) refers to printf8.o(i._snputc) for _snputc
    printf8.o(i.__0sprintf$8) refers to printf8.o(i._printf_core) for _printf_core
    printf8.o(i.__0sprintf$8) refers to printf8.o(i._sputc) for _sputc
    printf8.o(i.__0vfprintf$8) refers to printf8.o(i._printf_core) for _printf_core
    printf8.o(i.__0vfprintf$8) refers to retarget.o(.text) for fputc
    printf8.o(i.__0vprintf$8) refers to printf8.o(i._printf_core) for _printf_core
    printf8.o(i.__0vprintf$8) refers to retarget.o(.data) for __stdout
    printf8.o(i.__0vprintf$8) refers to retarget.o(.text) for fputc
    printf8.o(i.__0vsnprintf$8) refers to printf8.o(i._printf_core) for _printf_core
    printf8.o(i.__0vsnprintf$8) refers to printf8.o(i._snputc) for _snputc
    printf8.o(i.__0vsprintf$8) refers to printf8.o(i._printf_core) for _printf_core
    printf8.o(i.__0vsprintf$8) refers to printf8.o(i._sputc) for _sputc
    printf8.o(i._printf_core) refers to printf8.o(i._printf_pre_padding) for _printf_pre_padding
    printf8.o(i._printf_core) refers to printf1.o(i.__ARM_common_call_via_r2) for __ARM_common_call_via_r2
    printf8.o(i._printf_core) refers to printf8.o(i._printf_post_padding) for _printf_post_padding
    printf8.o(i._printf_core) refers to uldiv.o(.text) for __aeabi_uldivmod
    printf8.o(i._printf_post_padding) refers to printfb.o(i.__ARM_common_call_via_r6) for __ARM_common_call_via_r6
    printf8.o(i._printf_pre_padding) refers to printfb.o(i.__ARM_common_call_via_r6) for __ARM_common_call_via_r6
    printfa.o(i.__0fprintf) refers (Special) to iusefp.o(.text) for __I$use$fp
    printfa.o(i.__0fprintf) refers to printfa.o(i._printf_core) for _printf_core
    printfa.o(i.__0fprintf) refers to retarget.o(.text) for fputc
    printfa.o(i.__0printf) refers (Special) to iusefp.o(.text) for __I$use$fp
    printfa.o(i.__0printf) refers to printfa.o(i._printf_core) for _printf_core
    printfa.o(i.__0printf) refers to retarget.o(.data) for __stdout
    printfa.o(i.__0printf) refers to retarget.o(.text) for fputc
    printfa.o(i.__0snprintf) refers (Special) to iusefp.o(.text) for __I$use$fp
    printfa.o(i.__0snprintf) refers to printfa.o(i._printf_core) for _printf_core
    printfa.o(i.__0snprintf) refers to printfa.o(i._snputc) for _snputc
    printfa.o(i.__0sprintf) refers (Special) to iusefp.o(.text) for __I$use$fp
    printfa.o(i.__0sprintf) refers to printfa.o(i._printf_core) for _printf_core
    printfa.o(i.__0sprintf) refers to printfa.o(i._sputc) for _sputc
    printfa.o(i.__0vfprintf) refers (Special) to iusefp.o(.text) for __I$use$fp
    printfa.o(i.__0vfprintf) refers to printfa.o(i._printf_core) for _printf_core
    printfa.o(i.__0vfprintf) refers to retarget.o(.text) for fputc
    printfa.o(i.__0vprintf) refers (Special) to iusefp.o(.text) for __I$use$fp
    printfa.o(i.__0vprintf) refers to printfa.o(i._printf_core) for _printf_core
    printfa.o(i.__0vprintf) refers to retarget.o(.data) for __stdout
    printfa.o(i.__0vprintf) refers to retarget.o(.text) for fputc
    printfa.o(i.__0vsnprintf) refers (Special) to iusefp.o(.text) for __I$use$fp
    printfa.o(i.__0vsnprintf) refers to printfa.o(i._printf_core) for _printf_core
    printfa.o(i.__0vsnprintf) refers to printfa.o(i._snputc) for _snputc
    printfa.o(i.__0vsprintf) refers (Special) to iusefp.o(.text) for __I$use$fp
    printfa.o(i.__0vsprintf) refers to printfa.o(i._printf_core) for _printf_core
    printfa.o(i.__0vsprintf) refers to printfa.o(i._sputc) for _sputc
    printfa.o(i._fp_digits) refers (Special) to iusefp.o(.text) for __I$use$fp
    printfa.o(i._fp_digits) refers to dmul.o(.text) for __aeabi_dmul
    printfa.o(i._fp_digits) refers to ddiv.o(.text) for __aeabi_ddiv
    printfa.o(i._fp_digits) refers to cdrcmple.o(.text) for __aeabi_cdrcmple
    printfa.o(i._fp_digits) refers to dadd.o(.text) for __aeabi_dadd
    printfa.o(i._fp_digits) refers to dfixul.o(.text) for __aeabi_d2ulz
    printfa.o(i._fp_digits) refers to uldiv.o(.text) for __aeabi_uldivmod
    printfa.o(i._printf_core) refers (Special) to iusefp.o(.text) for __I$use$fp
    printfa.o(i._printf_core) refers to printfa.o(i._printf_pre_padding) for _printf_pre_padding
    printfa.o(i._printf_core) refers to printf1.o(i.__ARM_common_call_via_r2) for __ARM_common_call_via_r2
    printfa.o(i._printf_core) refers to printfa.o(i._printf_post_padding) for _printf_post_padding
    printfa.o(i._printf_core) refers to uldiv.o(.text) for __aeabi_uldivmod
    printfa.o(i._printf_core) refers to printfa.o(i._fp_digits) for _fp_digits
    printfa.o(i._printf_core) refers to uidiv.o(.text) for __aeabi_uidivmod
    printfa.o(i._printf_post_padding) refers (Special) to iusefp.o(.text) for __I$use$fp
    printfa.o(i._printf_post_padding) refers to printfb.o(i.__ARM_common_call_via_r6) for __ARM_common_call_via_r6
    printfa.o(i._printf_pre_padding) refers (Special) to iusefp.o(.text) for __I$use$fp
    printfa.o(i._printf_pre_padding) refers to printfb.o(i.__ARM_common_call_via_r6) for __ARM_common_call_via_r6
    printfa.o(i._snputc) refers (Special) to iusefp.o(.text) for __I$use$fp
    printfa.o(i._sputc) refers (Special) to iusefp.o(.text) for __I$use$fp
    entry2.o(.ARM.Collect$$$$00000001) refers to entry2.o(.ARM.Collect$$$$00002712) for __lit__00000000
    entry2.o(.ARM.Collect$$$$00002712) refers to lpc2300.o(STACK) for __initial_sp
    entry5.o(.ARM.Collect$$$$00000004) refers to init.o(.text) for __scatterload
    entry7.o(.ARM.Collect$$$$00000007) refers to wawa.o(.text) for main
    uldiv.o(.text) refers to llushr.o(.text) for __aeabi_llsr
    uldiv.o(.text) refers to llshl.o(.text) for __aeabi_llsl
    dadd.o(.text) refers to llshl.o(.text) for __aeabi_llsl
    dadd.o(.text) refers to llsshr.o(.text) for __aeabi_lasr
    dadd.o(.text) refers to depilogue.o(.text) for _double_epilogue
    dmul.o(.text) refers to depilogue.o(.text) for _double_epilogue
    ddiv.o(.text) refers to depilogue.o(.text) for _double_round
    dfixul.o(.text) refers to llushr.o(.text) for __aeabi_llsr
    dfixul.o(.text) refers to llshl.o(.text) for __aeabi_llsl
    init.o(.text) refers to init.o(i.__ARM_common_call_via_r3) for __ARM_common_call_via_r3
    init.o(.text) refers to entry5.o(.ARM.Collect$$$$00000004) for __main_after_scatterload
    depilogue.o(.text) refers to depilogue.o(i.__ARM_clz) for __ARM_clz
    depilogue.o(.text) refers to llshl.o(.text) for __aeabi_llsl
    depilogue.o(.text) refers to llushr.o(.text) for __aeabi_llsr


==============================================================================

Removing Unused input sections from the image.

    Removing lpc2300.o(HEAP), (0 bytes).
    Removing lcd_4bit.o(.text), (760 bytes).
    Removing lcd_4bit.o(.constdata), (64 bytes).
    Removing dadd.o(.text), (408 bytes).
    Removing dmul.o(.text), (216 bytes).
    Removing ddiv.o(.text), (292 bytes).
    Removing dfixul.o(.text), (68 bytes).
    Removing cdrcmple.o(.text), (80 bytes).
    Removing depilogue.o(.text), (250 bytes).
    Removing depilogue.o(i.__ARM_clz), (46 bytes).

10 unused section(s) (total 2184 bytes) removed from the image.

==============================================================================

Adding Veneers to the image

    Adding AT veneer (8 bytes, Inline) for call to '__aeabi_idivmod' from irq.o(.text).
    Adding AT veneer (8 bytes, Inline) for call to '__scatterload' from entry5.o(.ARM.Collect$$$$00000004).
    Adding TA veneer (8 bytes, Short) for call to '__main_after_scatterload' from init.o(.text).
    Adding AT veneer (8 bytes, Inline) for call to '__2printf' from wawa.o(.text).

4 Veneer(s) (total 32 bytes) added to the image.

==============================================================================

Image Symbol Table

    Local Symbols

    Symbol Name                              Value     Ov Type        Size  Object(Section)

    RESET                                    0x00000000   Section      356  lpc2300.o(RESET)
    ../../microlib/division.c                0x00000000   Number         0  uldiv.o ABSOLUTE
    ../../microlib/division.c                0x00000000   Number         0  uidiv.o ABSOLUTE
    ../../microlib/division.c                0x00000000   Number         0  idiv.o ABSOLUTE
    ../../microlib/fpadd.c                   0x00000000   Number         0  dadd.o ABSOLUTE
    ../../microlib/fpdiv.c                   0x00000000   Number         0  ddiv.o ABSOLUTE
    ../../microlib/fpepilogue.c              0x00000000   Number         0  depilogue.o ABSOLUTE
    ../../microlib/fpfix.c                   0x00000000   Number         0  dfixul.o ABSOLUTE
    ../../microlib/fpmul.c                   0x00000000   Number         0  dmul.o ABSOLUTE
    ../../microlib/init/entry.s              0x00000000   Number         0  entry7.o ABSOLUTE
    ../../microlib/init/entry.s              0x00000000   Number         0  entry5.o ABSOLUTE
    ../../microlib/init/entry.s              0x00000000   Number         0  entry2.o ABSOLUTE
    ../../microlib/init/entry.s              0x00000000   Number         0  entry.o ABSOLUTE
    ../../microlib/longlong.c                0x00000000   Number         0  llsshr.o ABSOLUTE
    ../../microlib/longlong.c                0x00000000   Number         0  llushr.o ABSOLUTE
    ../../microlib/longlong.c                0x00000000   Number         0  llshl.o ABSOLUTE
    ../../microlib/printf/printf.c           0x00000000   Number         0  printf8.o ABSOLUTE
    ../../microlib/printf/printf.c           0x00000000   Number         0  printf0.o ABSOLUTE
    ../../microlib/printf/printf.c           0x00000000   Number         0  printf1.o ABSOLUTE
    ../../microlib/printf/printf.c           0x00000000   Number         0  printf7.o ABSOLUTE
    ../../microlib/printf/printf.c           0x00000000   Number         0  printf2.o ABSOLUTE
    ../../microlib/printf/printf.c           0x00000000   Number         0  printf3.o ABSOLUTE
    ../../microlib/printf/printf.c           0x00000000   Number         0  printf4.o ABSOLUTE
    ../../microlib/printf/printf.c           0x00000000   Number         0  printf5.o ABSOLUTE
    ../../microlib/printf/printf.c           0x00000000   Number         0  printfa.o ABSOLUTE
    ../../microlib/printf/printf.c           0x00000000   Number         0  printf6.o ABSOLUTE
    ../../microlib/printf/printf.c           0x00000000   Number         0  printfb.o ABSOLUTE
    ../../microlib/printf/stubs.s            0x00000000   Number         0  stubs.o ABSOLUTE
    ../../microlib/stubs.s                   0x00000000   Number         0  useno.o ABSOLUTE
    ../../microlib/stubs.s                   0x00000000   Number         0  iusefp.o ABSOLUTE
    C:\Users\drew\Dropbox\We-are-Wireless-Audio\WaWA\WaWA.c 0x00000000   Number         0  wawa.o ABSOLUTE
    IRQ.c                                    0x00000000   Number         0  irq.o ABSOLUTE
    LCD_4bit.c                               0x00000000   Number         0  lcd_4bit.o ABSOLUTE
    LPC2300.s                                0x00000000   Number         0  lpc2300.o ABSOLUTE
    Retarget.c                               0x00000000   Number         0  retarget.o ABSOLUTE
    Serial.c                                 0x00000000   Number         0  serial.o ABSOLUTE
    cdrcmple.s                               0x00000000   Number         0  cdrcmple.o ABSOLUTE
    dc.s                                     0x00000000   Number         0  dc.o ABSOLUTE
    handlers.s                               0x00000000   Number         0  handlers.o ABSOLUTE
    init.s                                   0x00000000   Number         0  init.o ABSOLUTE
    Undef_Handler                            0x00000040   ARM Code       4  lpc2300.o(RESET)
    SWI_Handler                              0x00000044   ARM Code       4  lpc2300.o(RESET)
    PAbt_Handler                             0x00000048   ARM Code       4  lpc2300.o(RESET)
    DAbt_Handler                             0x0000004c   ARM Code       4  lpc2300.o(RESET)
    IRQ_Handler                              0x00000050   ARM Code       4  lpc2300.o(RESET)
    FIQ_Handler                              0x00000054   ARM Code       4  lpc2300.o(RESET)
    .ARM.Collect$$$$00000000                 0x00000164   Section        0  entry.o(.ARM.Collect$$$$00000000)
    .ARM.Collect$$$$00000001                 0x00000164   Section        4  entry2.o(.ARM.Collect$$$$00000001)
    .ARM.Collect$$$$00000004                 0x00000168   Section        4  entry5.o(.ARM.Collect$$$$00000004)
    .ARM.Collect$$$$00000007                 0x0000016c   Section       12  entry7.o(.ARM.Collect$$$$00000007)
    .ARM.Collect$$$$00002712                 0x00000178   Section        4  entry2.o(.ARM.Collect$$$$00002712)
    __lit__00000000                          0x00000178   Data           4  entry2.o(.ARM.Collect$$$$00002712)
    .text                                    0x0000017c   Section        0  retarget.o(.text)
    .text                                    0x000001c4   Section        0  serial.o(.text)
    .text                                    0x0000039c   Section        0  wawa.o(.text)
    .text                                    0x00000964   Section        0  irq.o(.text)
    .text                                    0x00000b9c   Section        0  idiv.o(.text)
    .text                                    0x00000bc8   Section        0  uidiv.o(.text)
    .text                                    0x00000c00   Section       32  init.o(.text)
    i.__0printf$6                            0x00000c30   Section        0  printf6.o(i.__0printf$6)
    i.__ARM_common_call_via_r2               0x00000c50   Section        0  printf1.o(i.__ARM_common_call_via_r2)
    i.__ARM_common_call_via_r3               0x00000c52   Section        2  init.o(i.__ARM_common_call_via_r3)
    i.__ARM_common_call_via_r6               0x00000c54   Section        0  printfb.o(i.__ARM_common_call_via_r6)
    i.__scatterload_copy                     0x00000c58   Section       24  handlers.o(i.__scatterload_copy)
    i.__scatterload_null                     0x00000c70   Section        4  handlers.o(i.__scatterload_null)
    i.__scatterload_zeroinit                 0x00000c74   Section       24  handlers.o(i.__scatterload_zeroinit)
    i._printf_core                           0x00000c8c   Section        0  printf6.o(i._printf_core)
    _printf_core                             0x00000c8d   Thumb Code   790  printf6.o(i._printf_core)
    i._printf_post_padding                   0x00000fa8   Section        0  printf6.o(i._printf_post_padding)
    _printf_post_padding                     0x00000fa9   Thumb Code    38  printf6.o(i._printf_post_padding)
    i._printf_pre_padding                    0x00000fce   Section        0  printf6.o(i._printf_pre_padding)
    _printf_pre_padding                      0x00000fcf   Thumb Code    48  printf6.o(i._printf_pre_padding)
    .data                                    0x40000000   Section        4  retarget.o(.data)
    .data                                    0x40000004   Section       20  wawa.o(.data)
    lastButton                               0x40000004   Data           4  wawa.o(.data)
    .data                                    0x40000018   Section       28  irq.o(.data)
    clk_cntr                                 0x4000001c   Data           4  irq.o(.data)
    yesno                                    0x40000020   Data           4  irq.o(.data)
    clk_cntr                                 0x40000024   Data           4  irq.o(.data)
    STACK                                    0x40000038   Section     1288  lpc2300.o(STACK)
    Stack_Top                                0x40000540   Data           0  lpc2300.o(STACK)

    Global Symbols

    Symbol Name                              Value     Ov Type        Size  Object(Section)

    BuildAttributes$$THM_ISAv1$ARM_ISAv4$S$PE$A:L22$X:L11$S22$IEEE1$IW$USESV6$~STKCKD$USESV7$~SHL$OSPACE$ROPI$EBA8$MICROLIB$REQ8$EABIv2 0x00000000   Number         0  anon$$obj.o ABSOLUTE
    __ARM_use_no_argv                        0x00000000   Number         0  wawa.o ABSOLUTE
    __use_no_errno                           0x00000000   Number         0  useno.o ABSOLUTE
    __use_no_exception_handling              0x00000000   Number         0  useno.o ABSOLUTE
    __use_no_fp                              0x00000000   Number         0  useno.o ABSOLUTE
    __use_no_heap                            0x00000000   Number         0  useno.o ABSOLUTE
    __use_no_heap_region                     0x00000000   Number         0  useno.o ABSOLUTE
    __use_no_semihosting                     0x00000000   Number         0  useno.o ABSOLUTE
    __use_no_semihosting_swi                 0x00000000   Number         0  useno.o ABSOLUTE
    __use_no_signal_handling                 0x00000000   Number         0  useno.o ABSOLUTE
    _printf_a                                0x00000000   Number         0  stubs.o ABSOLUTE
    _printf_c                                0x00000000   Number         0  stubs.o ABSOLUTE
    _printf_charcount                        0x00000000   Number         0  stubs.o ABSOLUTE
    _printf_d                                0x00000000   Number         0  stubs.o ABSOLUTE
    _printf_e                                0x00000000   Number         0  stubs.o ABSOLUTE
    _printf_f                                0x00000000   Number         0  stubs.o ABSOLUTE
    _printf_flags                            0x00000000   Number         0  stubs.o ABSOLUTE
    _printf_fp_dec                           0x00000000   Number         0  stubs.o ABSOLUTE
    _printf_fp_hex                           0x00000000   Number         0  stubs.o ABSOLUTE
    _printf_g                                0x00000000   Number         0  stubs.o ABSOLUTE
    _printf_i                                0x00000000   Number         0  stubs.o ABSOLUTE
    _printf_int_dec                          0x00000000   Number         0  stubs.o ABSOLUTE
    _printf_l                                0x00000000   Number         0  stubs.o ABSOLUTE
    _printf_lc                               0x00000000   Number         0  stubs.o ABSOLUTE
    _printf_ll                               0x00000000   Number         0  stubs.o ABSOLUTE
    _printf_lld                              0x00000000   Number         0  stubs.o ABSOLUTE
    _printf_lli                              0x00000000   Number         0  stubs.o ABSOLUTE
    _printf_llo                              0x00000000   Number         0  stubs.o ABSOLUTE
    _printf_llu                              0x00000000   Number         0  stubs.o ABSOLUTE
    _printf_llx                              0x00000000   Number         0  stubs.o ABSOLUTE
    _printf_longlong_dec                     0x00000000   Number         0  stubs.o ABSOLUTE
    _printf_longlong_hex                     0x00000000   Number         0  stubs.o ABSOLUTE
    _printf_longlong_oct                     0x00000000   Number         0  stubs.o ABSOLUTE
    _printf_ls                               0x00000000   Number         0  stubs.o ABSOLUTE
    _printf_mbtowc                           0x00000000   Number         0  stubs.o ABSOLUTE
    _printf_n                                0x00000000   Number         0  stubs.o ABSOLUTE
    _printf_o                                0x00000000   Number         0  stubs.o ABSOLUTE
    _printf_p                                0x00000000   Number         0  stubs.o ABSOLUTE
    _printf_percent                          0x00000000   Number         0  stubs.o ABSOLUTE
    _printf_pre_padding                      0x00000000   Number         0  stubs.o ABSOLUTE
    _printf_return_value                     0x00000000   Number         0  stubs.o ABSOLUTE
    _printf_s                                0x00000000   Number         0  stubs.o ABSOLUTE
    _printf_sizespec                         0x00000000   Number         0  stubs.o ABSOLUTE
    _printf_str                              0x00000000   Number         0  stubs.o ABSOLUTE
    _printf_truncate_signed                  0x00000000   Number         0  stubs.o ABSOLUTE
    _printf_truncate_unsigned                0x00000000   Number         0  stubs.o ABSOLUTE
    _printf_u                                0x00000000   Number         0  stubs.o ABSOLUTE
    _printf_wc                               0x00000000   Number         0  stubs.o ABSOLUTE
    _printf_wctomb                           0x00000000   Number         0  stubs.o ABSOLUTE
    _printf_widthprec                        0x00000000   Number         0  stubs.o ABSOLUTE
    _printf_x                                0x00000000   Number         0  stubs.o ABSOLUTE
    __decompress                              - Undefined Weak Reference
    Reset_Handler                            0x00000058   ARM Code       0  lpc2300.o(RESET)
    __main                                   0x00000164   ARM Code       0  entry.o(.ARM.Collect$$$$00000000)
    _main_stk                                0x00000164   ARM Code       0  entry2.o(.ARM.Collect$$$$00000001)
    _main_scatterload                        0x00000168   ARM Code       0  entry5.o(.ARM.Collect$$$$00000004)
    __main_after_scatterload                 0x0000016c   ARM Code       0  entry5.o(.ARM.Collect$$$$00000004)
    _main_init                               0x0000016c   ARM Code       0  entry7.o(.ARM.Collect$$$$00000007)
    fputc                                    0x0000017c   ARM Code      28  retarget.o(.text)
    ferror                                   0x00000198   ARM Code      12  retarget.o(.text)
    _ttywrch                                 0x000001a4   ARM Code      24  retarget.o(.text)
    _sys_exit                                0x000001bc   ARM Code       8  retarget.o(.text)
    getkey3                                  0x000001c4   ARM Code      32  serial.o(.text)
    getkey0                                  0x000001e4   ARM Code      32  serial.o(.text)
    int_serial0                              0x00000204   ARM Code      48  serial.o(.text)
    init_serial                              0x00000234   ARM Code     280  serial.o(.text)
    sendchar3                                0x0000034c   ARM Code      32  serial.o(.text)
    sendchar0                                0x0000036c   ARM Code      32  serial.o(.text)
    LED_Init                                 0x0000039c   ARM Code      36  wawa.o(.text)
    LED_On                                   0x000003c0   ARM Code      20  wawa.o(.text)
    LED_Off                                  0x000003d4   ARM Code      20  wawa.o(.text)
    LED_Out                                  0x000003e8   ARM Code      24  wawa.o(.text)
    display_init                             0x00000400   ARM Code     324  wawa.o(.text)
    preprint                                 0x00000544   ARM Code      76  wawa.o(.text)
    checkVolumeChange                        0x00000590   ARM Code     480  wawa.o(.text)
    main                                     0x00000770   ARM Code     412  wawa.o(.text)
    I2S_IRQHandler                           0x00000964   ARM Code     100  irq.o(.text)
    T0_IRQHandler                            0x000009c8   ARM Code     176  irq.o(.text)
    T0_IRQHandler2                           0x00000a78   ARM Code     188  irq.o(.text)
    ADC_IRQHandler                           0x00000b34   ARM Code      44  irq.o(.text)
    Inline ARM to Thumb Veneer to __aeabi_idivmod 0x00000b94   ARM Code       8  idiv.o(.text)
    __aeabi_idiv                             0x00000b9d   Thumb Code     0  idiv.o(.text)
    __aeabi_idivmod                          0x00000b9d   Thumb Code    44  idiv.o(.text)
    __aeabi_uidiv                            0x00000bc9   Thumb Code     0  uidiv.o(.text)
    __aeabi_uidivmod                         0x00000bc9   Thumb Code    46  uidiv.o(.text)
    Inline ARM to Thumb Veneer to __scatterload 0x00000bf8   ARM Code       8  init.o(.text)
    __scatterload                            0x00000c01   Thumb Code    24  init.o(.text)
    __scatterload_rt2                        0x00000c01   Thumb Code     0  init.o(.text)
    Short Thumb to ARM Veneer to __main_after_scatterload 0x00000c21   Thumb Code     8  anon$$obj.o(Veneer$$Code)
    Inline ARM to Thumb Veneer to __2printf  0x00000c28   ARM Code       8  printf6.o(i.__0printf$6)
    __0printf$6                              0x00000c31   Thumb Code    24  printf6.o(i.__0printf$6)
    __1printf$6                              0x00000c31   Thumb Code     0  printf6.o(i.__0printf$6)
    __2printf                                0x00000c31   Thumb Code     0  printf6.o(i.__0printf$6)
    __ARM_common_call_via_r2                 0x00000c51   Thumb Code     2  printf1.o(i.__ARM_common_call_via_r2)
    __ARM_common_call_via_r3                 0x00000c53   Thumb Code     2  init.o(i.__ARM_common_call_via_r3)
    __ARM_common_call_via_r6                 0x00000c55   Thumb Code     2  printfb.o(i.__ARM_common_call_via_r6)
    __scatterload_copy                       0x00000c58   ARM Code      24  handlers.o(i.__scatterload_copy)
    __scatterload_null                       0x00000c70   ARM Code       4  handlers.o(i.__scatterload_null)
    __scatterload_zeroinit                   0x00000c74   ARM Code      24  handlers.o(i.__scatterload_zeroinit)
    Region$$Table$$Base                      0x00001000   Number         0  anon$$obj.o(Region$$Table)
    Region$$Table$$Limit                     0x00001020   Number         0  anon$$obj.o(Region$$Table)
    __stdout                                 0x40000000   Data           4  retarget.o(.data)
    in                                       0x40000008   Data           4  wawa.o(.data)
    out                                      0x4000000c   Data           1  wawa.o(.data)
    volume                                   0x40000010   Data           4  wawa.o(.data)
    lastonoff                                0x40000014   Data           4  wawa.o(.data)
    I2SRX                                    0x40000018   Data           4  irq.o(.data)
    AD_last                                  0x40000028   Data           2  irq.o(.data)
    clock_1s                                 0x4000002a   Data           1  irq.o(.data)
    currentButton                            0x4000002c   Data           4  irq.o(.data)
    voiceCode                                0x40000030   Data           4  irq.o(.data)
    __initial_sp                             0x40000438   Data         264  lpc2300.o(STACK)



==============================================================================

Memory Map of the image

  Image Entry point : 0x00000164

  Load Region LR_IROM1 (Base: 0x00000000, Size: 0x00001054, Max: 0x00080000, ABSOLUTE)

    Execution Region ER_IROM1 (Base: 0x00000000, Size: 0x00001020, Max: 0x00080000, ABSOLUTE)

    Base Addr    Size         Type   Attr      Idx    E Section Name        Object

    0x00000000   0x00000164   Code   RO            3    RESET               lpc2300.o
    0x00000164   0x00000000   Code   RO           96  * .ARM.Collect$$$$00000000  entry.o(mc_t.l)
    0x00000164   0x00000004   Code   RO          366    .ARM.Collect$$$$00000001  entry2.o(mc_t.l)
    0x00000168   0x00000004   Code   RO          368    .ARM.Collect$$$$00000004  entry5.o(mc_t.l)
    0x0000016c   0x0000000c   Code   RO          369    .ARM.Collect$$$$00000007  entry7.o(mc_t.l)
    0x00000178   0x00000004   Code   RO          367    .ARM.Collect$$$$00002712  entry2.o(mc_t.l)
    0x0000017c   0x00000048   Code   RO            8    .text               retarget.o
    0x000001c4   0x000001d8   Code   RO           31    .text               serial.o
    0x0000039c   0x000005c8   Code   RO           46    .text               wawa.o
    0x00000964   0x00000230   Code   RO           81    .text               irq.o
    0x00000b94   0x00000008   Ven    RO           99    .text               idiv.o(mc_t.l)
    0x00000b9c   0x0000002c   Code   RO           99    .text               idiv.o(mc_t.l)
    0x00000bc8   0x0000002e   Code   RO          370    .text               uidiv.o(mc_t.l)
    0x00000bf6   0x00000002   PAD
    0x00000bf8   0x00000008   Ven    RO          385    .text               init.o(mc_t.l)
    0x00000c00   0x00000020   Code   RO          385    .text               init.o(mc_t.l)
    0x00000c20   0x00000008   Ven    RO          410    Veneer$$Code        anon$$obj.o
    0x00000c28   0x00000008   Ven    RO          260    i.__0printf$6       printf6.o(mc_t.l)
    0x00000c30   0x00000020   Code   RO          260    i.__0printf$6       printf6.o(mc_t.l)
    0x00000c50   0x00000002   Code   RO          169    i.__ARM_common_call_via_r2  printf1.o(mc_t.l)
    0x00000c52   0x00000002   Code   RO          387    i.__ARM_common_call_via_r3  init.o(mc_t.l)
    0x00000c54   0x00000002   Code   RO          123    i.__ARM_common_call_via_r6  printfb.o(mc_t.l)
    0x00000c56   0x00000002   PAD
    0x00000c58   0x00000018   Code   RO          401    i.__scatterload_copy  handlers.o(mc_t.l)
    0x00000c70   0x00000004   Code   RO          402    i.__scatterload_null  handlers.o(mc_t.l)
    0x00000c74   0x00000018   Code   RO          403    i.__scatterload_zeroinit  handlers.o(mc_t.l)
    0x00000c8c   0x0000031c   Code   RO          267    i._printf_core      printf6.o(mc_t.l)
    0x00000fa8   0x00000026   Code   RO          268    i._printf_post_padding  printf6.o(mc_t.l)
    0x00000fce   0x00000030   Code   RO          269    i._printf_pre_padding  printf6.o(mc_t.l)
    0x00000ffe   0x00000002   PAD
    0x00001000   0x00000020   Data   RO          399    Region$$Table       anon$$obj.o


    Execution Region RW_IRAM1 (Base: 0x40000000, Size: 0x00000540, Max: 0x00008000, ABSOLUTE)

    Base Addr    Size         Type   Attr      Idx    E Section Name        Object

    0x40000000   0x00000004   Data   RW            9    .data               retarget.o
    0x40000004   0x00000014   Data   RW           47    .data               wawa.o
    0x40000018   0x0000001c   Data   RW           82    .data               irq.o
    0x40000034   0x00000004   PAD
    0x40000038   0x00000508   Zero   RW            1    STACK               lpc2300.o


==============================================================================

Image component sizes


      Code (inc. data)   RO Data    RW Data    ZI Data      Debug   Object Name

       560         52          0         28          0       1378   irq.o
       356         48          0          0       1288        300   lpc2300.o
        72          0          0          4          0       3980   retarget.o
       472         16          0          0          0       1254   serial.o
      1480         88          0         20          0       2105   wawa.o

    ----------------------------------------------------------------------
      2948        204         32         52       1292       9017   Object Totals
         8          0         32          0          0          0   (incl. Generated)
         0          0          0          0          4          3   (incl. Padding)

    ----------------------------------------------------------------------

      Code (inc. data)   RO Data    RW Data    ZI Data      Debug   Library Member Name

         0          0          0          0          0          0   entry.o
         8          4          0          0          0          0   entry2.o
         4          0          0          0          0          0   entry5.o
        12          4          0          0          0          0   entry7.o
        52          0          0          0          0          0   handlers.o
        52          0          0          0          0         84   idiv.o
        42          8          0          0          0        136   init.o
         2          0          0          0          0         60   printf1.o
       922         14          0          0          0        360   printf6.o
         2          0          0          0          0         60   printfb.o
        46          0          0          0          0         72   uidiv.o

    ----------------------------------------------------------------------
      1148         30          0          0          0        772   Library Totals
         6          0          0          0          0          0   (incl. Padding)

    ----------------------------------------------------------------------

      Code (inc. data)   RO Data    RW Data    ZI Data      Debug   Library Name

      1142         30          0          0          0        772   mc_t.l

    ----------------------------------------------------------------------
      1148         30          0          0          0        772   Library Totals

    ----------------------------------------------------------------------

==============================================================================


      Code (inc. data)   RO Data    RW Data    ZI Data      Debug   

      4096        234         32         52       1292       9240   Grand Totals
      4096        234         32         52       1292       9240   ELF Image Totals
      4096        234         32         52          0          0   ROM Totals

==============================================================================

    Total RO  Size (Code + RO Data)                 4128 (   4.03kB)
    Total RW  Size (RW Data + ZI Data)              1344 (   1.31kB)
    Total ROM Size (Code + RO Data + RW Data)       4180 (   4.08kB)

==============================================================================

