<html>
<body>
<pre>
<h1>µVision Build Log</h1>
<h2>Project:</h2>
C:\Users\drew\Dropbox\We-are-Wireless-Audio\WaWA\WaWA.uvproj
Project File Date:  03/20/2011

<h2>Output:</h2>
Build target 'LPC2378 Flash'
compiling WaWA.c...
linking...
Program Size: Code=3996 RO-data=32 RW-data=48 ZI-data=1288  
".\Flash\WaWA.axf" - 0 Error(s), 0 Warning(s).
Load "C:\\Users\\drew\\Dropbox\\We-are-Wireless-Audio\\WaWA\\Flash\\WaWA.AXF" 
Erase Done.
Programming Done.
Verify OK.
Full Chip Erase Done.
Load "C:\\Users\\drew\\Dropbox\\We-are-Wireless-Audio\\WaWA\\Flash\\WaWA.AXF" 
Erase Done.
Programming Done.
Verify OK.
Build target 'LPC2378 Flash'
compiling WaWA.c...
compiling IRQ.c...
IRQ.c(71): warning:  #177-D: variable "something" was declared but never referenced
IRQ.c:          int something;
IRQ.c:              ^
IRQ.c(110): error:  #137: expression must be a modifiable lvalue
IRQ.c:     if (clk_cntr%1000=0)
IRQ.c:         ^
IRQ.c(112): error:  #20: identifier "something" is undefined
IRQ.c:      something = FIO2PIN;
IRQ.c:      ^
IRQ.c(113): error:  #20: identifier "one" is undefined
IRQ.c:      one = something & 0x1;
IRQ.c:      ^
IRQ.c(114): error:  #20: identifier "two" is undefined
IRQ.c:      two = (something & 0x2)>>2;
IRQ.c:      ^
IRQ.c(115): error:  #20: identifier "four" is undefined
IRQ.c:      four =(something & 0x4)>>4;
IRQ.c:      ^
IRQ.c(116): error:  #20: identifier "eight" is undefined
IRQ.c:      eight = (something & 0x8)>>8;
IRQ.c:      ^
IRQ.c: IRQ.c: 1 warning, 6 errors
Target not created
Build target 'LPC2378 Flash'
compiling IRQ.c...
IRQ.c(71): warning:  #177-D: variable "something" was declared but never referenced
IRQ.c:          int something,one,two,four,eight;
IRQ.c:              ^
IRQ.c(71): warning:  #177-D: variable "one" was declared but never referenced
IRQ.c:          int something,one,two,four,eight;
IRQ.c:                        ^
IRQ.c(71): warning:  #177-D: variable "two" was declared but never referenced
IRQ.c:          int something,one,two,four,eight;
IRQ.c:                            ^
IRQ.c(71): warning:  #177-D: variable "four" was declared but never referenced
IRQ.c:          int something,one,two,four,eight;
IRQ.c:                                ^
IRQ.c(71): warning:  #177-D: variable "eight" was declared but never referenced
IRQ.c:          int something,one,two,four,eight;
IRQ.c:                                     ^
IRQ.c(110): error:  #137: expression must be a modifiable lvalue
IRQ.c:     if (clk_cntr%1000=0)
IRQ.c:         ^
IRQ.c(112): error:  #20: identifier "something" is undefined
IRQ.c:      something = FIO2PIN;
IRQ.c:      ^
IRQ.c(113): error:  #20: identifier "one" is undefined
IRQ.c:      one = something & 0x1;
IRQ.c:      ^
IRQ.c(114): error:  #20: identifier "two" is undefined
IRQ.c:      two = (something & 0x2)>>2;
IRQ.c:      ^
IRQ.c(115): error:  #20: identifier "four" is undefined
IRQ.c:      four =(something & 0x4)>>4;
IRQ.c:      ^
IRQ.c(116): error:  #20: identifier "eight" is undefined
IRQ.c:      eight = (something & 0x8)>>8;
IRQ.c:      ^
IRQ.c: IRQ.c: 5 warnings, 6 errors
Target not created
Build target 'LPC2378 Flash'
compiling IRQ.c...
IRQ.c(71): warning:  #177-D: variable "something" was declared but never referenced
IRQ.c:          int something,one,two,four,eight;
IRQ.c:              ^
IRQ.c(71): warning:  #177-D: variable "one" was declared but never referenced
IRQ.c:          int something,one,two,four,eight;
IRQ.c:                        ^
IRQ.c(71): warning:  #177-D: variable "two" was declared but never referenced
IRQ.c:          int something,one,two,four,eight;
IRQ.c:                            ^
IRQ.c(71): warning:  #177-D: variable "four" was declared but never referenced
IRQ.c:          int something,one,two,four,eight;
IRQ.c:                                ^
IRQ.c(71): warning:  #177-D: variable "eight" was declared but never referenced
IRQ.c:          int something,one,two,four,eight;
IRQ.c:                                     ^
IRQ.c(110): error:  #137: expression must be a modifiable lvalue
IRQ.c:     if (clk_cntr%1000=0)
IRQ.c:         ^
IRQ.c(112): error:  #20: identifier "something" is undefined
IRQ.c:      something = FIO2PIN;
IRQ.c:      ^
IRQ.c(113): error:  #20: identifier "one" is undefined
IRQ.c:      one = something & 0x1;
IRQ.c:      ^
IRQ.c(114): error:  #20: identifier "two" is undefined
IRQ.c:      two = (something & 0x2)>>2;
IRQ.c:      ^
IRQ.c(115): error:  #20: identifier "four" is undefined
IRQ.c:      four =(something & 0x4)>>4;
IRQ.c:      ^
IRQ.c(116): error:  #20: identifier "eight" is undefined
IRQ.c:      eight = (something & 0x8)>>8;
IRQ.c:      ^
IRQ.c: IRQ.c: 5 warnings, 6 errors
Target not created
Build target 'LPC2378 Flash'
compiling IRQ.c...
IRQ.c(111): error:  #137: expression must be a modifiable lvalue
IRQ.c:     if (clk_cntr%1000=0)
IRQ.c:         ^
IRQ.c: IRQ.c: 0 warnings, 1 error
Target not created
Build target 'LPC2378 Flash'
compiling IRQ.c...
linking...
Program Size: Code=4176 RO-data=32 RW-data=52 ZI-data=1292  
".\Flash\WaWA.axf" - 0 Error(s), 0 Warning(s).
Load "C:\\Users\\drew\\Dropbox\\We-are-Wireless-Audio\\WaWA\\Flash\\WaWA.AXF" 
Erase Done.
Programming Done.
Verify OK.
Build target 'LPC2378 Flash'
compiling WaWA.c...
C:\Users\drew\Dropbox\We-are-Wireless-Audio\WaWA\WaWA.c(177): warning:  #177-D: variable "count" was declared but never referenced
C:\Users\drew\Dropbox\We-are-Wireless-Audio\WaWA\WaWA.c:     int count=0;
C:\Users\drew\Dropbox\We-are-Wireless-Audio\WaWA\WaWA.c:         ^
C:\Users\drew\Dropbox\We-are-Wireless-Audio\WaWA\WaWA.c: C:\Users\drew\Dropbox\We-are-Wireless-Audio\WaWA\WaWA.c: 1 warning, 0 errors
linking...
Program Size: Code=4112 RO-data=32 RW-data=52 ZI-data=1292  
".\Flash\WaWA.axf" - 0 Error(s), 1 Warning(s).
Build target 'LPC2378 Flash'
linking...
Program Size: Code=4112 RO-data=32 RW-data=52 ZI-data=1292  
".\Flash\WaWA.axf" - 0 Error(s), 0 Warning(s).
Load "C:\\Users\\drew\\Dropbox\\We-are-Wireless-Audio\\WaWA\\Flash\\WaWA.AXF" 
Erase Done.
Programming Done.
Verify OK.
Build target 'LPC2378 Flash'
compiling WaWA.c...
C:\Users\drew\Dropbox\We-are-Wireless-Audio\WaWA\WaWA.c(177): warning:  #177-D: variable "count" was declared but never referenced
C:\Users\drew\Dropbox\We-are-Wireless-Audio\WaWA\WaWA.c:     int count=0;
C:\Users\drew\Dropbox\We-are-Wireless-Audio\WaWA\WaWA.c:         ^
C:\Users\drew\Dropbox\We-are-Wireless-Audio\WaWA\WaWA.c: C:\Users\drew\Dropbox\We-are-Wireless-Audio\WaWA\WaWA.c: 1 warning, 0 errors
linking...
Program Size: Code=4124 RO-data=32 RW-data=52 ZI-data=1292  
".\Flash\WaWA.axf" - 0 Error(s), 1 Warning(s).
Build target 'LPC2378 Flash'
".\Flash\WaWA.axf" - 0 Error(s), 0 Warning(s).
Load "C:\\Users\\drew\\Dropbox\\We-are-Wireless-Audio\\WaWA\\Flash\\WaWA.AXF" 
_____^
*** error 56: cant open file
Load "C:\\Users\\drew\\Dropbox\\We-are-Wireless-Audio\\WaWA\\Flash\\WaWA.AXF" 
_____^
*** error 56: cant open file
Full Chip Erase Done.
Load "C:\\Users\\drew\\Dropbox\\We-are-Wireless-Audio\\WaWA\\Flash\\WaWA.AXF" 
_____^
*** error 56: cant open file
Build target 'LPC2378 Flash'
compiling WaWA.c...
C:\Users\drew\Dropbox\We-are-Wireless-Audio\WaWA\WaWA.c(177): warning:  #177-D: variable "count" was declared but never referenced
C:\Users\drew\Dropbox\We-are-Wireless-Audio\WaWA\WaWA.c:     int count=0;
C:\Users\drew\Dropbox\We-are-Wireless-Audio\WaWA\WaWA.c:         ^
C:\Users\drew\Dropbox\We-are-Wireless-Audio\WaWA\WaWA.c: C:\Users\drew\Dropbox\We-are-Wireless-Audio\WaWA\WaWA.c: 1 warning, 0 errors
linking...
Program Size: Code=3084 RO-data=32 RW-data=48 ZI-data=1288  
".\Flash\WaWA.axf" - 0 Error(s), 1 Warning(s).
Build target 'LPC2378 Flash'
linking...
Program Size: Code=3084 RO-data=32 RW-data=48 ZI-data=1288  
".\Flash\WaWA.axf" - 0 Error(s), 0 Warning(s).
Load "C:\\Users\\drew\\Dropbox\\We-are-Wireless-Audio\\WaWA\\Flash\\WaWA.AXF" 
Erase Done.
Programming Failed!
Build target 'LPC2378 Flash'
compiling WaWA.c...
C:\Users\drew\Dropbox\We-are-Wireless-Audio\WaWA\WaWA.c(177): warning:  #177-D: variable "count" was declared but never referenced
C:\Users\drew\Dropbox\We-are-Wireless-Audio\WaWA\WaWA.c:     int count=0;
C:\Users\drew\Dropbox\We-are-Wireless-Audio\WaWA\WaWA.c:         ^
C:\Users\drew\Dropbox\We-are-Wireless-Audio\WaWA\WaWA.c: C:\Users\drew\Dropbox\We-are-Wireless-Audio\WaWA\WaWA.c: 1 warning, 0 errors
linking...
Program Size: Code=4124 RO-data=32 RW-data=52 ZI-data=1292  
".\Flash\WaWA.axf" - 0 Error(s), 1 Warning(s).
Load "C:\\Users\\drew\\Dropbox\\We-are-Wireless-Audio\\WaWA\\Flash\\WaWA.AXF" 
Erase Done.
Programming Done.
Verify OK.
Build target 'LPC2378 Flash'
compiling IRQ.c...
IRQ.c(103): warning:  #550-D: variable "one" was set but never used
IRQ.c:          int something,one,two,four,eight;
IRQ.c:                        ^
IRQ.c(103): warning:  #550-D: variable "two" was set but never used
IRQ.c:          int something,one,two,four,eight;
IRQ.c:                            ^
IRQ.c(103): warning:  #550-D: variable "four" was set but never used
IRQ.c:          int something,one,two,four,eight;
IRQ.c:                                ^
IRQ.c(103): warning:  #550-D: variable "eight" was set but never used
IRQ.c:          int something,one,two,four,eight;
IRQ.c:                                     ^
IRQ.c: IRQ.c: 4 warnings, 0 errors
linking...
Program Size: Code=4112 RO-data=32 RW-data=52 ZI-data=1292  
".\Flash\WaWA.axf" - 0 Error(s), 4 Warning(s).
Build target 'LPC2378 Flash'
compiling IRQ.c...
linking...
Program Size: Code=4132 RO-data=32 RW-data=52 ZI-data=1292  
".\Flash\WaWA.axf" - 0 Error(s), 0 Warning(s).
Load "C:\\Users\\drew\\Dropbox\\We-are-Wireless-Audio\\WaWA\\Flash\\WaWA.AXF" 
Erase Done.
Programming Done.
Verify OK.
Build target 'LPC2378 Flash'
compiling WaWA.c...
C:\Users\drew\Dropbox\We-are-Wireless-Audio\WaWA\WaWA.c(177): warning:  #177-D: variable "count" was declared but never referenced
C:\Users\drew\Dropbox\We-are-Wireless-Audio\WaWA\WaWA.c:     int count=0;
C:\Users\drew\Dropbox\We-are-Wireless-Audio\WaWA\WaWA.c:         ^
C:\Users\drew\Dropbox\We-are-Wireless-Audio\WaWA\WaWA.c: C:\Users\drew\Dropbox\We-are-Wireless-Audio\WaWA\WaWA.c: 1 warning, 0 errors
linking...
Program Size: Code=4640 RO-data=32 RW-data=52 ZI-data=1292  
".\Flash\WaWA.axf" - 0 Error(s), 1 Warning(s).
Build target 'LPC2378 Flash'
linking...
Program Size: Code=4640 RO-data=32 RW-data=52 ZI-data=1292  
".\Flash\WaWA.axf" - 0 Error(s), 0 Warning(s).
Load "C:\\Users\\drew\\Dropbox\\We-are-Wireless-Audio\\WaWA\\Flash\\WaWA.AXF" 
Erase Done.
Programming Done.
Verify OK.
Build target 'LPC2378 Flash'
compiling WaWA.c...
C:\Users\drew\Dropbox\We-are-Wireless-Audio\WaWA\WaWA.c(177): warning:  #177-D: variable "count" was declared but never referenced
C:\Users\drew\Dropbox\We-are-Wireless-Audio\WaWA\WaWA.c:     int count=0;
C:\Users\drew\Dropbox\We-are-Wireless-Audio\WaWA\WaWA.c:         ^
C:\Users\drew\Dropbox\We-are-Wireless-Audio\WaWA\WaWA.c: C:\Users\drew\Dropbox\We-are-Wireless-Audio\WaWA\WaWA.c: 1 warning, 0 errors
linking...
Program Size: Code=4648 RO-data=32 RW-data=52 ZI-data=1292  
".\Flash\WaWA.axf" - 0 Error(s), 1 Warning(s).
Build target 'LPC2378 Flash'
".\Flash\WaWA.axf" - 0 Error(s), 0 Warning(s).
Load "C:\\Users\\drew\\Dropbox\\We-are-Wireless-Audio\\WaWA\\Flash\\WaWA.AXF" 
_____^
*** error 56: cant open file
Build target 'LPC2378 Flash'
linking...
Program Size: Code=4648 RO-data=32 RW-data=52 ZI-data=1292  
".\Flash\WaWA.axf" - 0 Error(s), 0 Warning(s).
Load "C:\\Users\\drew\\Dropbox\\We-are-Wireless-Audio\\WaWA\\Flash\\WaWA.AXF" 
Erase Done.
Programming Done.
Verify OK.
Build target 'LPC2378 Flash'
compiling WaWA.c...
C:\Users\drew\Dropbox\We-are-Wireless-Audio\WaWA\WaWA.c(177): warning:  #177-D: variable "count" was declared but never referenced
C:\Users\drew\Dropbox\We-are-Wireless-Audio\WaWA\WaWA.c:     int count=0;
C:\Users\drew\Dropbox\We-are-Wireless-Audio\WaWA\WaWA.c:         ^
C:\Users\drew\Dropbox\We-are-Wireless-Audio\WaWA\WaWA.c: C:\Users\drew\Dropbox\We-are-Wireless-Audio\WaWA\WaWA.c: 1 warning, 0 errors
linking...
Program Size: Code=4648 RO-data=32 RW-data=52 ZI-data=1292  
".\Flash\WaWA.axf" - 0 Error(s), 1 Warning(s).
Build target 'LPC2378 Flash'
linking...
Program Size: Code=4648 RO-data=32 RW-data=52 ZI-data=1292  
".\Flash\WaWA.axf" - 0 Error(s), 0 Warning(s).
Load "C:\\Users\\drew\\Dropbox\\We-are-Wireless-Audio\\WaWA\\Flash\\WaWA.AXF" 
Erase Done.
Programming Done.
Verify OK.
Build target 'LPC2378 Flash'
compiling WaWA.c...
C:\Users\drew\Dropbox\We-are-Wireless-Audio\WaWA\WaWA.c(177): warning:  #177-D: variable "count" was declared but never referenced
C:\Users\drew\Dropbox\We-are-Wireless-Audio\WaWA\WaWA.c:     int count=0;
C:\Users\drew\Dropbox\We-are-Wireless-Audio\WaWA\WaWA.c:         ^
C:\Users\drew\Dropbox\We-are-Wireless-Audio\WaWA\WaWA.c: C:\Users\drew\Dropbox\We-are-Wireless-Audio\WaWA\WaWA.c: 1 warning, 0 errors
compiling IRQ.c...
linking...
Program Size: Code=4112 RO-data=32 RW-data=52 ZI-data=1292  
".\Flash\WaWA.axf" - 0 Error(s), 1 Warning(s).
Build target 'LPC2378 Flash'
linking...
Program Size: Code=4112 RO-data=32 RW-data=52 ZI-data=1292  
".\Flash\WaWA.axf" - 0 Error(s), 0 Warning(s).
Load "C:\\Users\\drew\\Dropbox\\We-are-Wireless-Audio\\WaWA\\Flash\\WaWA.AXF" 
Erase Done.
Programming Done.
Verify OK.
Build target 'LPC2378 Flash'
compiling WaWA.c...
C:\Users\drew\Dropbox\We-are-Wireless-Audio\WaWA\WaWA.c(177): warning:  #177-D: variable "count" was declared but never referenced
C:\Users\drew\Dropbox\We-are-Wireless-Audio\WaWA\WaWA.c:     int count=0;
C:\Users\drew\Dropbox\We-are-Wireless-Audio\WaWA\WaWA.c:         ^
C:\Users\drew\Dropbox\We-are-Wireless-Audio\WaWA\WaWA.c: C:\Users\drew\Dropbox\We-are-Wireless-Audio\WaWA\WaWA.c: 1 warning, 0 errors
linking...
Program Size: Code=4124 RO-data=32 RW-data=52 ZI-data=1292  
".\Flash\WaWA.axf" - 0 Error(s), 1 Warning(s).
Build target 'LPC2378 Flash'
linking...
Program Size: Code=4124 RO-data=32 RW-data=52 ZI-data=1292  
".\Flash\WaWA.axf" - 0 Error(s), 0 Warning(s).
Load "C:\\Users\\drew\\Dropbox\\We-are-Wireless-Audio\\WaWA\\Flash\\WaWA.AXF" 
Erase Done.
Programming Done.
Verify OK.
Build target 'LPC2378 Flash'
compiling IRQ.c...
linking...
Program Size: Code=4124 RO-data=32 RW-data=52 ZI-data=1292  
".\Flash\WaWA.axf" - 0 Error(s), 0 Warning(s).
Load "C:\\Users\\drew\\Dropbox\\We-are-Wireless-Audio\\WaWA\\Flash\\WaWA.AXF" 
Erase Done.
Programming Done.
Verify OK.
Build target 'LPC2378 Flash'
compiling IRQ.c...
linking...
Program Size: Code=4128 RO-data=32 RW-data=52 ZI-data=1292  
".\Flash\WaWA.axf" - 0 Error(s), 0 Warning(s).
Load "C:\\Users\\drew\\Dropbox\\We-are-Wireless-Audio\\WaWA\\Flash\\WaWA.AXF" 
Erase Done.
Programming Done.
Verify OK.
Load "C:\\Users\\drew\\Dropbox\\We-are-Wireless-Audio\\WaWA\\Flash\\WaWA.AXF" 
Build target 'LPC2378 Flash'
compiling IRQ.c...
linking...
Program Size: Code=4140 RO-data=32 RW-data=52 ZI-data=1292  
".\Flash\WaWA.axf" - 0 Error(s), 0 Warning(s).
Load "C:\\Users\\drew\\Dropbox\\We-are-Wireless-Audio\\WaWA\\Flash\\WaWA.AXF" 
Erase Done.
Programming Done.
Verify OK.
Build target 'LPC2378 Flash'
compiling WaWA.c...
C:\Users\drew\Dropbox\We-are-Wireless-Audio\WaWA\WaWA.c(177): warning:  #177-D: variable "count" was declared but never referenced
C:\Users\drew\Dropbox\We-are-Wireless-Audio\WaWA\WaWA.c:     int count=0;
C:\Users\drew\Dropbox\We-are-Wireless-Audio\WaWA\WaWA.c:         ^
C:\Users\drew\Dropbox\We-are-Wireless-Audio\WaWA\WaWA.c: C:\Users\drew\Dropbox\We-are-Wireless-Audio\WaWA\WaWA.c: 1 warning, 0 errors
compiling IRQ.c...
linking...
Program Size: Code=4112 RO-data=32 RW-data=52 ZI-data=1292  
".\Flash\WaWA.axf" - 0 Error(s), 1 Warning(s).
Build target 'LPC2378 Flash'
".\Flash\WaWA.axf" - 0 Error(s), 0 Warning(s).
Load "C:\\Users\\drew\\Dropbox\\We-are-Wireless-Audio\\WaWA\\Flash\\WaWA.AXF" 
_____^
*** error 56: cant open file
Load "C:\\Users\\drew\\Dropbox\\We-are-Wireless-Audio\\WaWA\\Flash\\WaWA.AXF" 
_____^
*** error 56: cant open file
Build target 'LPC2378 Flash'
assembling LPC2300.s...
compiling Retarget.c...
compiling Serial.c...
compiling WaWA.c...
C:\Users\drew\Dropbox\We-are-Wireless-Audio\WaWA\WaWA.c(177): warning:  #177-D: variable "count" was declared but never referenced
C:\Users\drew\Dropbox\We-are-Wireless-Audio\WaWA\WaWA.c:     int count=0;
C:\Users\drew\Dropbox\We-are-Wireless-Audio\WaWA\WaWA.c:         ^
C:\Users\drew\Dropbox\We-are-Wireless-Audio\WaWA\WaWA.c: C:\Users\drew\Dropbox\We-are-Wireless-Audio\WaWA\WaWA.c: 1 warning, 0 errors
compiling LCD_4bit.c...
compiling IRQ.c...
linking...
Program Size: Code=4112 RO-data=32 RW-data=52 ZI-data=1292  
".\Flash\WaWA.axf" - 0 Error(s), 1 Warning(s).
Build target 'LPC2378 Flash'
linking...
Program Size: Code=4112 RO-data=32 RW-data=52 ZI-data=1292  
".\Flash\WaWA.axf" - 0 Error(s), 0 Warning(s).
Build target 'LPC2378 Flash'
linking...
Program Size: Code=4112 RO-data=32 RW-data=52 ZI-data=1292  
".\Flash\WaWA.axf" - 0 Error(s), 0 Warning(s).
Load "C:\\Users\\drew\\Dropbox\\We-are-Wireless-Audio\\WaWA\\Flash\\WaWA.AXF" 
Erase Done.
Programming Done.
Verify OK.
Build target 'LPC2378 Flash'
compiling WaWA.c...
C:\Users\drew\Dropbox\We-are-Wireless-Audio\WaWA\WaWA.c(177): warning:  #177-D: variable "count" was declared but never referenced
C:\Users\drew\Dropbox\We-are-Wireless-Audio\WaWA\WaWA.c:     int count=0;
C:\Users\drew\Dropbox\We-are-Wireless-Audio\WaWA\WaWA.c:         ^
C:\Users\drew\Dropbox\We-are-Wireless-Audio\WaWA\WaWA.c: C:\Users\drew\Dropbox\We-are-Wireless-Audio\WaWA\WaWA.c: 1 warning, 0 errors
linking...
Program Size: Code=4088 RO-data=32 RW-data=52 ZI-data=1292  
".\Flash\WaWA.axf" - 0 Error(s), 1 Warning(s).
Build target 'LPC2378 Flash'
linking...
Program Size: Code=4088 RO-data=32 RW-data=52 ZI-data=1292  
".\Flash\WaWA.axf" - 0 Error(s), 0 Warning(s).
Build target 'LPC2378 Flash'
linking...
Program Size: Code=4088 RO-data=32 RW-data=52 ZI-data=1292  
".\Flash\WaWA.axf" - 0 Error(s), 0 Warning(s).
Load "C:\\Users\\drew\\Dropbox\\We-are-Wireless-Audio\\WaWA\\Flash\\WaWA.AXF" 
Erase Done.
Programming Done.
Verify OK.
Build target 'LPC2378 Flash'
compiling IRQ.c...
linking...
Program Size: Code=4088 RO-data=32 RW-data=52 ZI-data=1292  
".\Flash\WaWA.axf" - 0 Error(s), 0 Warning(s).
Load "C:\\Users\\drew\\Dropbox\\We-are-Wireless-Audio\\WaWA\\Flash\\WaWA.AXF" 
Erase Done.
Programming Done.
Verify OK.
Build target 'LPC2378 Flash'
compiling WaWA.c...
C:\Users\drew\Dropbox\We-are-Wireless-Audio\WaWA\WaWA.c(177): warning:  #177-D: variable "count" was declared but never referenced
C:\Users\drew\Dropbox\We-are-Wireless-Audio\WaWA\WaWA.c:     int count=0;
C:\Users\drew\Dropbox\We-are-Wireless-Audio\WaWA\WaWA.c:         ^
C:\Users\drew\Dropbox\We-are-Wireless-Audio\WaWA\WaWA.c: C:\Users\drew\Dropbox\We-are-Wireless-Audio\WaWA\WaWA.c: 1 warning, 0 errors
linking...
Program Size: Code=4084 RO-data=32 RW-data=52 ZI-data=1292  
".\Flash\WaWA.axf" - 0 Error(s), 1 Warning(s).
Build target 'LPC2378 Flash'
linking...
Program Size: Code=4084 RO-data=32 RW-data=52 ZI-data=1292  
".\Flash\WaWA.axf" - 0 Error(s), 0 Warning(s).
Load "C:\\Users\\drew\\Dropbox\\We-are-Wireless-Audio\\WaWA\\Flash\\WaWA.AXF" 
Erase Done.
Programming Done.
Verify OK.
Build target 'LPC2378 Flash'
compiling Serial.c...
linking...
Program Size: Code=4100 RO-data=32 RW-data=52 ZI-data=1292  
".\Flash\WaWA.axf" - 0 Error(s), 0 Warning(s).
Load "C:\\Users\\drew\\Dropbox\\We-are-Wireless-Audio\\WaWA\\Flash\\WaWA.AXF" 
Erase Done.
Programming Done.
Verify OK.
Build target 'LPC2378 Flash'
compiling WaWA.c...
C:\Users\drew\Dropbox\We-are-Wireless-Audio\WaWA\WaWA.c(177): warning:  #177-D: variable "count" was declared but never referenced
C:\Users\drew\Dropbox\We-are-Wireless-Audio\WaWA\WaWA.c:     int count=0;
C:\Users\drew\Dropbox\We-are-Wireless-Audio\WaWA\WaWA.c:         ^
C:\Users\drew\Dropbox\We-are-Wireless-Audio\WaWA\WaWA.c: C:\Users\drew\Dropbox\We-are-Wireless-Audio\WaWA\WaWA.c: 1 warning, 0 errors
compiling IRQ.c...
linking...
Program Size: Code=4104 RO-data=32 RW-data=52 ZI-data=1292  
".\Flash\WaWA.axf" - 0 Error(s), 1 Warning(s).
Build target 'LPC2378 Flash'
linking...
Program Size: Code=4104 RO-data=32 RW-data=52 ZI-data=1292  
".\Flash\WaWA.axf" - 0 Error(s), 0 Warning(s).
Load "C:\\Users\\drew\\Dropbox\\We-are-Wireless-Audio\\WaWA\\Flash\\WaWA.AXF" 
Erase Done.
Programming Done.
Verify OK.
Build target 'LPC2378 Flash'
compiling WaWA.c...
C:\Users\drew\Dropbox\We-are-Wireless-Audio\WaWA\WaWA.c(177): warning:  #177-D: variable "count" was declared but never referenced
C:\Users\drew\Dropbox\We-are-Wireless-Audio\WaWA\WaWA.c:     int count=0;
C:\Users\drew\Dropbox\We-are-Wireless-Audio\WaWA\WaWA.c:         ^
C:\Users\drew\Dropbox\We-are-Wireless-Audio\WaWA\WaWA.c: C:\Users\drew\Dropbox\We-are-Wireless-Audio\WaWA\WaWA.c: 1 warning, 0 errors
linking...
Program Size: Code=4108 RO-data=32 RW-data=52 ZI-data=1292  
".\Flash\WaWA.axf" - 0 Error(s), 1 Warning(s).
Build target 'LPC2378 Flash'
linking...
Program Size: Code=4108 RO-data=32 RW-data=52 ZI-data=1292  
".\Flash\WaWA.axf" - 0 Error(s), 0 Warning(s).
Load "C:\\Users\\drew\\Dropbox\\We-are-Wireless-Audio\\WaWA\\Flash\\WaWA.AXF" 
Erase Done.
Programming Done.
Verify OK.
Build target 'LPC2378 Flash'
compiling WaWA.c...
C:\Users\drew\Dropbox\We-are-Wireless-Audio\WaWA\WaWA.c(177): warning:  #177-D: variable "count" was declared but never referenced
C:\Users\drew\Dropbox\We-are-Wireless-Audio\WaWA\WaWA.c:     int count=0;
C:\Users\drew\Dropbox\We-are-Wireless-Audio\WaWA\WaWA.c:         ^
C:\Users\drew\Dropbox\We-are-Wireless-Audio\WaWA\WaWA.c: C:\Users\drew\Dropbox\We-are-Wireless-Audio\WaWA\WaWA.c: 1 warning, 0 errors
linking...
Program Size: Code=4096 RO-data=32 RW-data=52 ZI-data=1292  
".\Flash\WaWA.axf" - 0 Error(s), 1 Warning(s).
Build target 'LPC2378 Flash'
linking...
Program Size: Code=4096 RO-data=32 RW-data=52 ZI-data=1292  
".\Flash\WaWA.axf" - 0 Error(s), 0 Warning(s).
Load "C:\\Users\\drew\\Dropbox\\We-are-Wireless-Audio\\WaWA\\Flash\\WaWA.AXF" 
Erase Done.
Programming Done.
Verify OK.
Load "C:\\Users\\drew\\Dropbox\\We-are-Wireless-Audio\\WaWA\\Flash\\WaWA.AXF" 
Erase Failed!
Load "C:\\Users\\drew\\Dropbox\\We-are-Wireless-Audio\\WaWA\\Flash\\WaWA.AXF" 
Load "C:\\Users\\drew\\Dropbox\\We-are-Wireless-Audio\\WaWA\\Flash\\WaWA.AXF" 
Erase Done.
Programming Done.
Verify OK.
Load "C:\\Users\\drew\\Dropbox\\We-are-Wireless-Audio\\WaWA\\Flash\\WaWA.AXF" 
Erase Done.
Programming Done.
Verify OK.
Load "C:\\Users\\drew\\Dropbox\\We-are-Wireless-Audio\\WaWA\\Flash\\WaWA.AXF" 
Load "C:\\Users\\drew\\Dropbox\\We-are-Wireless-Audio\\WaWA\\Flash\\WaWA.AXF" 
Erase Done.
Programming Done.
Verify OK.
Load "C:\\Users\\drew\\Dropbox\\We-are-Wireless-Audio\\WaWA\\Flash\\WaWA.AXF" 
Erase Done.
Programming Done.
Verify OK.
